// Jest Snapshot v1, https://goo.gl/fbAQLP

exports[`<H2/> should match snapshot 1`] = `
<h2
  className="H2-eUbBFj jzrrlj"
/>
`;
