// Jest Snapshot v1, https://goo.gl/fbAQLP

exports[`<P/> should match snapshot 1`] = `
<p
  className="P-gHPbqS dwmwDC"
/>
`;
