// Jest Snapshot v1, https://goo.gl/fbAQLP

exports[`<Header/> should match snapshot 1`] = `
<styled-layout__Row
  align="center"
  bgColor="#000"
  justify="center"
  padding="0.5rem"
>
   Header 
</styled-layout__Row>
`;
