// Jest Snapshot v1, https://goo.gl/fbAQLP

exports[`<A/> should match snapshot 1`] = `
<a
  className="A-bJefwH hzAmDC"
  href="/"
/>
`;
