// Jest Snapshot v1, https://goo.gl/fbAQLP

exports[`<StyledLink/> should match snapshot 1`] = `
<Link
  className="StyledLink-khUpca gFlSBf"
  replace={false}
  to="/"
/>
`;
