// Jest Snapshot v1, https://goo.gl/fbAQLP

exports[` <LoadingSpinner/> should match snapshot 1`] = `
<LoadingSpinner__Svg
  height="100px"
  viewBox="0 0 66 66"
  width="100px"
>
  <LoadingSpinner__Circle
    cx="33"
    cy="33"
    fill="none"
    r="30"
    strokeLinecap="round"
    strokeWidth="6"
  />
</LoadingSpinner__Svg>
`;
